attempt=1 user=researcher pass=123456 status=FAIL
attempt=2 user=researcher pass=password status=FAIL
attempt=3 user=researcher pass=admin status=FAIL
attempt=4 user=researcher pass=qwerty status=FAIL
attempt=5 user=researcher pass=letmein status=FAIL
attempt=6 user=researcher pass=research123 status=SUCCESS
attempt=7 user=researcher pass=root123 status=FAIL
attempt=8 user=researcher pass=123456 status=FAIL
attempt=9 user=researcher pass=password status=FAIL
attempt=10 user=researcher pass=admin status=FAIL
attempt=11 user=researcher pass=qwerty status=FAIL
attempt=12 user=researcher pass=letmein status=FAIL
attempt=13 user=researcher pass=research123 status=FAIL
attempt=14 user=researcher pass=root123 status=FAIL
attempt=15 user=researcher pass=123456 status=FAIL
attempt=16 user=researcher pass=password status=FAIL
attempt=17 user=researcher pass=admin status=FAIL
attempt=18 user=researcher pass=qwerty status=FAIL
attempt=19 user=researcher pass=letmein status=FAIL
attempt=20 user=researcher pass=research123 status=FAIL
attempt=21 user=researcher pass=root123 status=FAIL
attempt=22 user=researcher pass=123456 status=FAIL
attempt=23 user=researcher pass=password status=FAIL
attempt=24 user=researcher pass=admin status=FAIL
attempt=25 user=researcher pass=qwerty status=FAIL
attempt=26 user=researcher pass=letmein status=FAIL
attempt=27 user=researcher pass=research123 status=FAIL
attempt=28 user=researcher pass=root123 status=FAIL
attempt=29 user=researcher pass=123456 status=FAIL
attempt=30 user=researcher pass=password status=FAIL
attempt=31 user=researcher pass=admin status=FAIL
attempt=32 user=researcher pass=qwerty status=FAIL
attempt=33 user=researcher pass=letmein status=FAIL
attempt=34 user=researcher pass=research123 status=SUCCESS
attempt=35 user=researcher pass=root123 status=FAIL
attempt=36 user=researcher pass=123456 status=FAIL
attempt=37 user=researcher pass=password status=FAIL
attempt=38 user=researcher pass=admin status=FAIL
attempt=39 user=researcher pass=qwerty status=FAIL
attempt=40 user=researcher pass=letmein status=FAIL
attempt=1 user=researcher pass=123456 status=FAIL
attempt=2 user=researcher pass=password status=FAIL
attempt=3 user=researcher pass=admin status=FAIL
attempt=4 user=researcher pass=qwerty status=FAIL
attempt=5 user=researcher pass=letmein status=FAIL
attempt=6 user=researcher pass=research123 status=SUCCESS
attempt=7 user=researcher pass=root123 status=FAIL
attempt=8 user=researcher pass=123456 status=FAIL
attempt=9 user=researcher pass=password status=FAIL
attempt=10 user=researcher pass=admin status=FAIL
attempt=11 user=researcher pass=qwerty status=FAIL
attempt=12 user=researcher pass=letmein status=FAIL
attempt=13 user=researcher pass=research123 status=SUCCESS
attempt=14 user=researcher pass=root123 status=FAIL
attempt=15 user=researcher pass=123456 status=FAIL
attempt=16 user=researcher pass=password status=FAIL
attempt=17 user=researcher pass=admin status=FAIL
attempt=18 user=researcher pass=qwerty status=FAIL
attempt=1 user=researcher pass=123456 status=FAIL
attempt=2 user=researcher pass=password status=FAIL
attempt=3 user=researcher pass=admin status=FAIL
attempt=4 user=researcher pass=qwerty status=FAIL
attempt=5 user=researcher pass=letmein status=FAIL
attempt=6 user=researcher pass=research123 status=SUCCESS
attempt=7 user=researcher pass=root123 status=FAIL
attempt=8 user=researcher pass=123456 status=FAIL
attempt=9 user=researcher pass=password status=FAIL
attempt=10 user=researcher pass=admin status=FAIL
attempt=11 user=researcher pass=qwerty status=FAIL
attempt=12 user=researcher pass=letmein status=FAIL
attempt=13 user=researcher pass=research123 status=SUCCESS
attempt=14 user=researcher pass=root123 status=FAIL
attempt=15 user=researcher pass=123456 status=FAIL
attempt=16 user=researcher pass=password status=FAIL
attempt=17 user=researcher pass=admin status=FAIL
attempt=18 user=researcher pass=qwerty status=FAIL
attempt=19 user=researcher pass=letmein status=FAIL
attempt=20 user=researcher pass=research123 status=SUCCESS
attempt=21 user=researcher pass=root123 status=FAIL
attempt=22 user=researcher pass=123456 status=FAIL
attempt=23 user=researcher pass=password status=FAIL
attempt=24 user=researcher pass=admin status=FAIL
attempt=25 user=researcher pass=qwerty status=FAIL
attempt=26 user=researcher pass=letmein status=FAIL
attempt=27 user=researcher pass=research123 status=SUCCESS
attempt=28 user=researcher pass=root123 status=FAIL
attempt=29 user=researcher pass=123456 status=FAIL
attempt=30 user=researcher pass=password status=FAIL
attempt=31 user=researcher pass=admin status=FAIL
attempt=32 user=researcher pass=qwerty status=FAIL
attempt=33 user=researcher pass=letmein status=FAIL
attempt=34 user=researcher pass=research123 status=SUCCESS
attempt=35 user=researcher pass=root123 status=FAIL
attempt=36 user=researcher pass=123456 status=FAIL
attempt=37 user=researcher pass=password status=FAIL
attempt=38 user=researcher pass=admin status=FAIL
attempt=39 user=researcher pass=qwerty status=FAIL
attempt=40 user=researcher pass=letmein status=FAIL
attempt=1 user=researcher pass=123456 status=FAIL
attempt=2 user=researcher pass=password status=FAIL
attempt=3 user=researcher pass=admin status=FAIL
attempt=4 user=researcher pass=qwerty status=FAIL
attempt=5 user=researcher pass=letmein status=FAIL
attempt=6 user=researcher pass=research123 status=SUCCESS
attempt=7 user=researcher pass=root123 status=FAIL
attempt=8 user=researcher pass=123456 status=FAIL
attempt=9 user=researcher pass=password status=FAIL
attempt=10 user=researcher pass=admin status=FAIL
attempt=11 user=researcher pass=qwerty status=FAIL
attempt=12 user=researcher pass=letmein status=FAIL
attempt=13 user=researcher pass=research123 status=SUCCESS
attempt=14 user=researcher pass=root123 status=FAIL
attempt=15 user=researcher pass=123456 status=FAIL
attempt=16 user=researcher pass=password status=FAIL
attempt=17 user=researcher pass=admin status=FAIL
attempt=18 user=researcher pass=qwerty status=FAIL
attempt=19 user=researcher pass=letmein status=FAIL
attempt=20 user=researcher pass=research123 status=FAIL
attempt=21 user=researcher pass=root123 status=FAIL
attempt=22 user=researcher pass=123456 status=FAIL
attempt=23 user=researcher pass=password status=FAIL
attempt=24 user=researcher pass=admin status=FAIL
attempt=25 user=researcher pass=qwerty status=FAIL
attempt=26 user=researcher pass=letmein status=FAIL
attempt=27 user=researcher pass=research123 status=SUCCESS
attempt=28 user=researcher pass=root123 status=FAIL
attempt=29 user=researcher pass=123456 status=FAIL
attempt=30 user=researcher pass=password status=FAIL
attempt=31 user=researcher pass=admin status=FAIL
attempt=32 user=researcher pass=qwerty status=FAIL
attempt=33 user=researcher pass=letmein status=FAIL
attempt=34 user=researcher pass=research123 status=SUCCESS
attempt=35 user=researcher pass=root123 status=FAIL
attempt=36 user=researcher pass=123456 status=FAIL
attempt=37 user=researcher pass=password status=FAIL
attempt=38 user=researcher pass=admin status=FAIL
attempt=39 user=researcher pass=qwerty status=FAIL
attempt=40 user=researcher pass=letmein status=FAIL
attempt=1 user=researcher pass=123456 status=FAIL
attempt=2 user=researcher pass=password status=FAIL
attempt=3 user=researcher pass=admin status=FAIL
attempt=4 user=researcher pass=qwerty status=FAIL
attempt=5 user=researcher pass=letmein status=FAIL
attempt=6 user=researcher pass=research123 status=SUCCESS
attempt=7 user=researcher pass=root123 status=FAIL
attempt=8 user=researcher pass=123456 status=FAIL
attempt=9 user=researcher pass=password status=FAIL
attempt=10 user=researcher pass=admin status=FAIL
attempt=11 user=researcher pass=qwerty status=FAIL
attempt=12 user=researcher pass=letmein status=FAIL
attempt=13 user=researcher pass=research123 status=SUCCESS
attempt=14 user=researcher pass=root123 status=FAIL
attempt=15 user=researcher pass=123456 status=FAIL
attempt=16 user=researcher pass=password status=FAIL
attempt=17 user=researcher pass=admin status=FAIL
attempt=18 user=researcher pass=qwerty status=FAIL
attempt=19 user=researcher pass=letmein status=FAIL
attempt=20 user=researcher pass=research123 status=SUCCESS
attempt=21 user=researcher pass=root123 status=FAIL
attempt=22 user=researcher pass=123456 status=FAIL
attempt=23 user=researcher pass=password status=FAIL
attempt=24 user=researcher pass=admin status=FAIL
attempt=25 user=researcher pass=qwerty status=FAIL
attempt=26 user=researcher pass=letmein status=FAIL
attempt=27 user=researcher pass=research123 status=FAIL
attempt=28 user=researcher pass=root123 status=FAIL
attempt=29 user=researcher pass=123456 status=FAIL
attempt=30 user=researcher pass=password status=FAIL
attempt=31 user=researcher pass=admin status=FAIL
attempt=32 user=researcher pass=qwerty status=FAIL
attempt=33 user=researcher pass=letmein status=FAIL
attempt=34 user=researcher pass=research123 status=FAIL
attempt=35 user=researcher pass=root123 status=FAIL
attempt=36 user=researcher pass=123456 status=FAIL
attempt=37 user=researcher pass=password status=FAIL
attempt=38 user=researcher pass=admin status=FAIL
attempt=39 user=researcher pass=qwerty status=FAIL
attempt=40 user=researcher pass=letmein status=FAIL
attempt=1 user=researcher pass=123456 status=FAIL
attempt=2 user=researcher pass=password status=FAIL
attempt=3 user=researcher pass=admin status=FAIL
attempt=4 user=researcher pass=qwerty status=FAIL
attempt=5 user=researcher pass=letmein status=FAIL
attempt=6 user=researcher pass=research123 status=SUCCESS
attempt=7 user=researcher pass=root123 status=FAIL
attempt=8 user=researcher pass=123456 status=FAIL
attempt=9 user=researcher pass=password status=FAIL
attempt=10 user=researcher pass=admin status=FAIL
attempt=11 user=researcher pass=qwerty status=FAIL
attempt=12 user=researcher pass=letmein status=FAIL
attempt=13 user=researcher pass=research123 status=SUCCESS
attempt=14 user=researcher pass=root123 status=FAIL
attempt=15 user=researcher pass=123456 status=FAIL
attempt=16 user=researcher pass=password status=FAIL
attempt=17 user=researcher pass=admin status=FAIL
attempt=18 user=researcher pass=qwerty status=FAIL
attempt=19 user=researcher pass=letmein status=FAIL
attempt=20 user=researcher pass=research123 status=SUCCESS
attempt=21 user=researcher pass=root123 status=FAIL
attempt=22 user=researcher pass=123456 status=FAIL
attempt=23 user=researcher pass=password status=FAIL
attempt=24 user=researcher pass=admin status=FAIL
attempt=25 user=researcher pass=qwerty status=FAIL
attempt=26 user=researcher pass=letmein status=FAIL
attempt=27 user=researcher pass=research123 status=SUCCESS
attempt=28 user=researcher pass=root123 status=FAIL
attempt=29 user=researcher pass=123456 status=FAIL
attempt=30 user=researcher pass=password status=FAIL
attempt=31 user=researcher pass=admin status=FAIL
attempt=32 user=researcher pass=qwerty status=FAIL
attempt=33 user=researcher pass=letmein status=FAIL
attempt=34 user=researcher pass=research123 status=SUCCESS
attempt=35 user=researcher pass=root123 status=FAIL
attempt=36 user=researcher pass=123456 status=FAIL
attempt=37 user=researcher pass=password status=FAIL
attempt=38 user=researcher pass=admin status=FAIL
attempt=39 user=researcher pass=qwerty status=FAIL
attempt=40 user=researcher pass=letmein status=FAIL
attempt=1 user=researcher pass=123456 status=FAIL
attempt=2 user=researcher pass=password status=FAIL
attempt=3 user=researcher pass=admin status=FAIL
attempt=4 user=researcher pass=qwerty status=FAIL
attempt=5 user=researcher pass=letmein status=FAIL
attempt=6 user=researcher pass=research123 status=SUCCESS
attempt=7 user=researcher pass=root123 status=FAIL
attempt=8 user=researcher pass=123456 status=FAIL
attempt=9 user=researcher pass=password status=FAIL
attempt=10 user=researcher pass=admin status=FAIL
attempt=11 user=researcher pass=qwerty status=FAIL
attempt=12 user=researcher pass=letmein status=FAIL
attempt=13 user=researcher pass=research123 status=FAIL
attempt=14 user=researcher pass=root123 status=FAIL
attempt=15 user=researcher pass=123456 status=FAIL
attempt=16 user=researcher pass=password status=FAIL
attempt=17 user=researcher pass=admin status=FAIL
attempt=18 user=researcher pass=qwerty status=FAIL
attempt=19 user=researcher pass=letmein status=FAIL
attempt=20 user=researcher pass=research123 status=SUCCESS
attempt=21 user=researcher pass=root123 status=FAIL
attempt=22 user=researcher pass=123456 status=FAIL
attempt=23 user=researcher pass=password status=FAIL
attempt=24 user=researcher pass=admin status=FAIL
attempt=25 user=researcher pass=qwerty status=FAIL
attempt=26 user=researcher pass=letmein status=FAIL
attempt=27 user=researcher pass=research123 status=FAIL
attempt=28 user=researcher pass=root123 status=FAIL
attempt=29 user=researcher pass=123456 status=FAIL
attempt=30 user=researcher pass=password status=FAIL
attempt=31 user=researcher pass=admin status=FAIL
attempt=32 user=researcher pass=qwerty status=FAIL
attempt=33 user=researcher pass=letmein status=FAIL
attempt=34 user=researcher pass=research123 status=FAIL
attempt=35 user=researcher pass=root123 status=FAIL
attempt=36 user=researcher pass=123456 status=FAIL
attempt=37 user=researcher pass=password status=FAIL
attempt=38 user=researcher pass=admin status=FAIL
attempt=39 user=researcher pass=qwerty status=FAIL
attempt=40 user=researcher pass=letmein status=FAIL
attempt=1 user=researcher pass=123456 status=FAIL
attempt=2 user=researcher pass=password status=FAIL
attempt=3 user=researcher pass=admin status=FAIL
attempt=4 user=researcher pass=qwerty status=FAIL
attempt=5 user=researcher pass=letmein status=FAIL
attempt=6 user=researcher pass=research123 status=SUCCESS
attempt=7 user=researcher pass=root123 status=FAIL
attempt=8 user=researcher pass=123456 status=FAIL
attempt=9 user=researcher pass=password status=FAIL
attempt=10 user=researcher pass=admin status=FAIL
attempt=11 user=researcher pass=qwerty status=FAIL
attempt=12 user=researcher pass=letmein status=FAIL
attempt=13 user=researcher pass=research123 status=SUCCESS
attempt=14 user=researcher pass=root123 status=FAIL
attempt=15 user=researcher pass=123456 status=FAIL
attempt=16 user=researcher pass=password status=FAIL
attempt=17 user=researcher pass=admin status=FAIL
attempt=18 user=researcher pass=qwerty status=FAIL
attempt=19 user=researcher pass=letmein status=FAIL
attempt=20 user=researcher pass=research123 status=SUCCESS
attempt=21 user=researcher pass=root123 status=FAIL
attempt=22 user=researcher pass=123456 status=FAIL
attempt=23 user=researcher pass=password status=FAIL
attempt=24 user=researcher pass=admin status=FAIL
attempt=25 user=researcher pass=qwerty status=FAIL
attempt=26 user=researcher pass=letmein status=FAIL
attempt=27 user=researcher pass=research123 status=SUCCESS
attempt=28 user=researcher pass=root123 status=FAIL
attempt=29 user=researcher pass=123456 status=FAIL
attempt=30 user=researcher pass=password status=FAIL
attempt=31 user=researcher pass=admin status=FAIL
attempt=32 user=researcher pass=qwerty status=FAIL
attempt=33 user=researcher pass=letmein status=FAIL
attempt=34 user=researcher pass=research123 status=SUCCESS
attempt=35 user=researcher pass=root123 status=FAIL
attempt=36 user=researcher pass=123456 status=FAIL
attempt=37 user=researcher pass=password status=FAIL
attempt=38 user=researcher pass=admin status=FAIL
attempt=39 user=researcher pass=qwerty status=FAIL
attempt=40 user=researcher pass=letmein status=FAIL
